
    __    __     __  __     ______     __     ______      
   /\ "-./  \   /\ \/\ \   /\  ___\   /\ \   /\  ___\  
   \ \ \-./\ \  \ \ \_\ \  \ \___  \  \ \ \  \ \ \____ 
    \ \_\ \ \_\  \ \_____\  \/\_____\  \ \_\  \ \_____\ 
     \/_/  \/_/   \/_____/   \/_____/   \/_/   \/_____/ 

                            this is music! version 1.53

 - Version was compiled for double precision.


 - Opening log file './music_000.info_log.txt'.
 - Using k-space sampled transfer functions...
 - Selecting transfer function plug-in 'eisenstein'...
 - starting at a=0.111111
 - Selecting region generator plug-in 'box'...
 - Selecting random number generator plug-in 'MUSIC'...
-------------------------------------------------------------
 - Grid structure:
     Level   5 :   offset = (    0,     0,     0)
                     size = (   32,    32,    32)
-------------------------------------------------------------
 - Finest level :
                   extent =  32 x 32 x 32 h-3 Mpc**3
                 mtotgrid =  2.80088e+15 h-1 M_o
            particle mass =  8.54761e+10 h-1 M_o
                       dx =  1 h-1 Mpc
-------------------------------------------------------------
 - Selecting output plug-in 'gadget2'...
=============================================================
   GENERATING WHITE NOISE
-------------------------------------------------------------
 - Found 0 density constraint(s) to be obeyed.
 - Generating random numbers (2) with seed 1843824993
 - Generating random numbers w/ sample cube size of 32
=============================================================
   COMPUTING VELOCITIES
-------------------------------------------------------------
 - Using k-space transfer function kernel.
 - Performing noise convolution on level   5
   - Performing density convolution... (32, 32, 32)
 - Density calculation took 0.0230632s with 1 threads.
 - Top grid mean density is off by -1.927e-20, correcting...
-------------------------------------------------------------
 - Invoking unigrid FFT Poisson solver...
 - Computing 2LPT term....
 - Solving 2LPT Poisson equation
-------------------------------------------------------------
 - Invoking unigrid FFT Poisson solver...
 - velocity component 0 : sigma = 1.88494
 - velocity component 1 : sigma = 2.043
 - velocity component 2 : sigma = 2.09779
=============================================================
   COMPUTING DARK MATTER DISPLACEMENTS
-------------------------------------------------------------
 - max. x-displacement of HR particles is 1.427298 [mean dx]
 - max. y-displacement of HR particles is 1.306583 [mean dx]
 - max. z-displacement of HR particles is -1.492505 [mean dx]
 - Gadget2 : writing 32768 particles to file...
 -       type   1 :        32768 [m=8.54761]
=============================================================
 - Wrote output file '/home/tirth/data/Teaching/IMSc_School_2026/SBI/Conda/SBI_seed1843824993_351472/snap_000'
     using plugin 'gadget2'...
 - Done!

